Microchip MPLAB XC8 Compiler V2.40

Linker command line:

-W-3 \
  --edf=C:\Program Files\Microchip\xc8\v2.40\pic\dat\20220703182018_en.msgs \
  -cn -h+dist/default/production\Digital_2.X.production.sym \
  --cmf=dist/default/production\Digital_2.X.production.cmf -z -Q16F887 \
  -oC:\Users\pablo\AppData\Local\Temp\xcAs10u0.4 --defsym=__MPLAB_BUILD=1 \
  --fixupoverflow=error \
  -Mdist/default/production/Digital_2.X.production.map \
  --md=C:\Users\pablo\AppData\Local\Temp\xcAs10u0.dat -E1 -ver=XC8 Compiler \
  --acfsm=1493 -ACODE=00h-07FFhx4 -ASTRCODE=00h-01FFFh -ASTRING=00h-0FFhx32 \
  -ACONST=00h-0FFhx32 -AENTRY=00h-0FFhx32 -ACOMMON=070h-07Fh \
  -ABANK0=020h-06Fh -ABANK1=0A0h-0EFh -ABANK2=0110h-016Fh \
  -ABANK3=0190h-01EFh -ARAM=020h-06Fh,0A0h-0EFh,0110h-016Fh,0190h-01EFh \
  -AABS1=020h-07Fh,0A0h-0EFh,0110h-016Fh,0190h-01EFh -ASFR0=00h-01Fh \
  -ASFR1=080h-09Fh -ASFR2=0100h-010Fh -ASFR3=0180h-018Fh \
  -ACONFIG=02007h-02008h -DCONFIG=2 -AIDLOC=02000h-02003h -DIDLOC=2 \
  -AEEDATA=00h-0FFh/02100h -peeprom_data=EEDATA -DEEDATA=2 -DCODE=2 \
  -DSTRCODE=2 -DSTRING=2 -DCONST=2 -DENTRY=2 \
  -preset_vec=00h,intentry=04h,init,end_init -ppowerup=CODE -pcinit=CODE \
  -pfunctab=ENTRY -k C:\Users\pablo\AppData\Local\Temp\xcAs10u0.o \
  dist/default/production\Digital_2.X.production.o 

Object code version is 3.11

Machine type is 16F887



                Name                               Link     Load   Length Selector   Space Scale
C:\Users\pablo\AppData\Local\Temp\xcAs10u0.o
                end_init                             12       12        3        8       0
                reset_vec                             0        0        3        0       0
                config                             2007     2007        2        0       4
                idloc                              2000     2000        4        0       5
dist/default/production\Digital_2.X.production.o
                cinit                                15       15        F        8       0
                intentry                              4        4        E        8       0
                config                             2007     2007        2        0       4
                idloc                              2000     2000        4        0       5
                text30                             1519     1519       1A     2A32       0
                text29                             14E4     14E4        A     29C8       0
                text28                             1797     1797       69     2F2E       0
                text27                             168A     168A       59     2D14       0
                text26                              8DE      8DE       71     11BC       0
                text25                             156C     156C       1F     2AD8       0
                text24                             15FF     15FF       3B     2BFE       0
                text23                              9C2      9C2       8A     1384       0
                text22                             1533     1533       1C     2A66       0
                text21                              7B7      7B7       46        8       0
                text20                             158B     158B       22     2B16       0
                text19                             1501     1501       18     2A02       0
                text18                             15AD     15AD       29     2B5A       0
                text17                              E2D      E2D      1D3     1C5A       0
                text16                             15D6     15D6       29     2BAC       0
                text15                               24       24      39F        8       0
                text14                              3C3      3C3      300        8       0
                text13                             163A     163A       50     2C74       0
                text12                              CEE      CEE      13F     19DC       0
                text11                              808      808       69     1010       0
                text10                             173C     173C       5B     2E78       0
                text9                               94F      94F       73     129E       0
                text8                               871      871       6D     10E2       0
                text7                               ADA      ADA       9D     15B4       0
                text6                              16E3     16E3       59     2DC6       0
                text5                               A4C      A4C       8E     1498       0
                text4                               B77      B77       BA     16EE       0
                text3                               C31      C31       BD     1862       0
                text2                              14EE     14EE       13     29DC       0
                text1                              154F     154F       1D     2A9E       0
                maintext                            6C3      6C3       F4        8       0
                cstackBANK0                          20       20       2D       20       1
                cstackCOMMON                         70       70        C       70       1
                cstackBANK1                          A0       A0       50       A0       1
                cstackBANK3                         190      190       18      190       1
                clrtext                             800      800        8     1000       0
                bssBANK0                             4D       4D       11       20       1
                bssCOMMON                            7C       7C        2       70       1
                strings                            1000     1000       2D     2000       0

TOTAL           Name                               Link     Load   Length     Space
        CLASS   CODE           
                end_init                             12       12        3         0
                cinit                                15       15        F         0
                intentry                              4        4        E         0
                reset_vec                             0        0        3         0
                text30                             1519     1519       1A         0
                text29                             14E4     14E4        A         0
                text28                             1797     1797       69         0
                text27                             168A     168A       59         0
                text26                              8DE      8DE       71         0
                text25                             156C     156C       1F         0
                text24                             15FF     15FF       3B         0
                text23                              9C2      9C2       8A         0
                text22                             1533     1533       1C         0
                text21                              7B7      7B7       46         0
                text20                             158B     158B       22         0
                text19                             1501     1501       18         0
                text18                             15AD     15AD       29         0
                text17                              E2D      E2D      1D3         0
                text16                             15D6     15D6       29         0
                text15                               24       24      39F         0
                text14                              3C3      3C3      300         0
                text13                             163A     163A       50         0
                text12                              CEE      CEE      13F         0
                text11                              808      808       69         0
                text10                             173C     173C       5B         0
                text9                               94F      94F       73         0
                text8                               871      871       6D         0
                text7                               ADA      ADA       9D         0
                text6                              16E3     16E3       59         0
                text5                               A4C      A4C       8E         0
                text4                               B77      B77       BA         0
                text3                               C31      C31       BD         0
                text2                              14EE     14EE       13         0
                text1                              154F     154F       1D         0
                maintext                            6C3      6C3       F4         0
                clrtext                             800      800        8         0

        CLASS   STRCODE        

        CLASS   STRING         
                strings                            1000     1000       2D         0

        CLASS   CONST          

        CLASS   ENTRY          

        CLASS   COMMON         
                cstackCOMMON                         70       70        C         1
                bssCOMMON                            7C       7C        2         1

        CLASS   BANK0          
                cstackBANK0                          20       20       2D         1
                bssBANK0                             4D       4D       11         1

        CLASS   BANK1          
                cstackBANK1                          A0       A0       50         1

        CLASS   BANK2          

        CLASS   BANK3          
                cstackBANK3                         190      190       18         1

        CLASS   RAM            

        CLASS   ABS1           
                abs_s1                               7E       7E        2         1

        CLASS   SFR0           

        CLASS   SFR1           

        CLASS   SFR2           

        CLASS   SFR3           

        CLASS   CONFIG         
                config                             2007     2007        2         4

        CLASS   IDLOC          
                idloc                              2000     2000        4         5

        CLASS   EEDATA         

        CLASS   STACK          



SEGMENTS        Name                           Load    Length   Top    Selector   Space  Class     Delta

                reset_vec                      000000  000003  000003         0       0  CODE        2
                intentry                       000004  0007F9  0007FD         8       0  CODE        2
                cstackBANK0                    000020  00003E  00005E        20       1  BANK0       1
                cstackCOMMON                   000070  00000E  00007E        70       1  COMMON      1
                cstackBANK1                    0000A0  000050  0000F0        A0       1  BANK1       1
                cstackBANK3                    000190  000018  0001A8       190       1  BANK3       1
                clrtext                        000800  000008  000808      1000       0  CODE        2
                text11                         000808  000069  000871      1010       0  CODE        2
                text8                          000871  00006D  0008DE      10E2       0  CODE        2
                text26                         0008DE  000071  00094F      11BC       0  CODE        2
                text9                          00094F  000073  0009C2      129E       0  CODE        2
                text23                         0009C2  00008A  000A4C      1384       0  CODE        2
                text5                          000A4C  00008E  000ADA      1498       0  CODE        2
                text7                          000ADA  00009D  000B77      15B4       0  CODE        2
                text4                          000B77  0000BA  000C31      16EE       0  CODE        2
                text3                          000C31  0000BD  000CEE      1862       0  CODE        2
                text12                         000CEE  00013F  000E2D      19DC       0  CODE        2
                text17                         000E2D  0001D3  001000      1C5A       0  CODE        2
                strings                        001000  00002D  00102D      2000       0  STRING      2
                text29                         0014E4  00000A  0014EE      29C8       0  CODE        2
                text2                          0014EE  000013  001501      29DC       0  CODE        2
                text19                         001501  000018  001519      2A02       0  CODE        2
                text30                         001519  00001A  001533      2A32       0  CODE        2
                text22                         001533  00001C  00154F      2A66       0  CODE        2
                text1                          00154F  00001D  00156C      2A9E       0  CODE        2
                text25                         00156C  00001F  00158B      2AD8       0  CODE        2
                text20                         00158B  000022  0015AD      2B16       0  CODE        2
                text18                         0015AD  000029  0015D6      2B5A       0  CODE        2
                text16                         0015D6  000029  0015FF      2BAC       0  CODE        2
                text24                         0015FF  00003B  00163A      2BFE       0  CODE        2
                text13                         00163A  000050  00168A      2C74       0  CODE        2
                text27                         00168A  000059  0016E3      2D14       0  CODE        2
                text6                          0016E3  000059  00173C      2DC6       0  CODE        2
                text10                         00173C  00005B  001797      2E78       0  CODE        2
                text28                         001797  000069  001800      2F2E       0  CODE        2


UNUSED ADDRESS RANGES

        Name                Unused          Largest block    Delta
        BANK0            005E-006F             12           1
        BANK2            0110-016F             60           1
        BANK3            01A8-01EF             48           1
        CODE             0003-0003              1           2
                         07FD-07FF              3
                         102D-14E3            4B7
                         1800-1FFF            800
        CONST            0003-0003              1           2
                         07FD-07FF              3
                         102D-14E3            100
                         1800-1FFF            100
        EEDATA           2100-21FF            100           2
        ENTRY            0003-0003              1           2
                         07FD-07FF              3
                         102D-14E3            100
                         1800-1FFF            100
        RAM              005E-006F             12           1
                         0110-016F             60
                         01A8-01EF             48
        SFR0             0000-001F             20           1
        SFR1             0080-009F             20           1
        SFR2             0100-010F             10           1
        SFR3             0180-018F             10           1
        STRCODE          0003-0003              1           2
                         07FD-07FF              3
                         102D-14E3            4B7
                         1800-1FFF            800
        STRING           0003-0003              1           2
                         07FD-07FF              3
                         102D-14E3            100
                         1800-1FFF            100

                                  Symbol Table

?_LcdALL_map                 cstackBANK3  0190
?__Umul8_16                  cstackBANK0  0032
?___aldiv                    cstackBANK0  0032
?___awdiv                    cstackBANK0  0039
?___awmod                    cstackBANK0  0032
?___fladd                    cstackBANK0  003B
?___fldiv                    cstackBANK1  00C6
?___flmul                    cstackBANK1  00AC
?___flsub                    cstackBANK1  00A4
?___fltol                    cstackBANK1  00E8
?___xxtofl                   cstackBANK0  0032
?i1___awdiv                  cstackCOMMON 0077
?i1___awmod                  cstackCOMMON 0070
LcdALL_Cmd@a                 cstackBANK0  0037
LcdALL_Port@a                cstackBANK0  0034
LcdALL_Set_Cursor@a          cstackBANK0  0039
LcdALL_Set_Cursor@b          cstackBANK0  0038
LcdALL_Set_Cursor@temp       cstackBANK0  003A
LcdALL_Write_Char@a          cstackBANK0  0036
LcdALL_Write_String@a        cstackBANK0  0039
LcdALL_Write_String@i        cstackBANK0  0037
LcdALL_map@nuevo_max         cstackBANK3  01A0
LcdALL_map@nuevo_min         cstackBANK3  019C
LcdALL_map@nuevo_valor       cstackBANK1  00E0
LcdALL_map@rango_max         cstackBANK3  0198
LcdALL_map@rango_min         cstackBANK3  0194
LcdALL_map@valor             cstackBANK3  0190
LcdALL_set_value@byte_value  cstackBANK0  0042
LcdALL_set_value@centenas    cstackBANK0  0044
LcdALL_set_value@decenas     cstackBANK0  0046
LcdALL_set_value@unidades    cstackBANK0  0048
LcdALLb_set_value@byte_value cstackBANK0  0042
LcdALLb_set_value@centenas   cstackBANK0  0044
LcdALLb_set_value@decenas    cstackBANK0  0046
LcdALLb_set_value@unidades   cstackBANK0  0048
UART_RX_config@baud_value    cstackBANK0  0047
UART_RX_config@baudrate      cstackBANK0  0041
UART_set_value@byte_value    cstackBANK0  0024
UART_set_value@centenas      cstackBANK0  0026
UART_set_value@decenas       cstackBANK0  0028
UART_set_value@unidades      cstackBANK0  002A
UART_write_char@c            cstackCOMMON 0070
UART_write_string@str        cstackCOMMON 0072
_ADCON0bits                  (abs)        001F
_ADCON1bits                  (abs)        009F
_ADIF                        (abs)        0066
_ADRESH                      (abs)        001E
_ANSEL                       (abs)        0188
_ANSELH                      (abs)        0189
_BAUDCTLbits                 (abs)        0187
_INTCONbits                  (abs)        000B
_IOCBbits                    (abs)        0096
_LcdALL_Cmd                  text22       1533
_LcdALL_Init                 text21       07B7
_LcdALL_Port                 text23       09C2
_LcdALL_Set_Cursor           text20       158B
_LcdALL_Write_Char           text19       1501
_LcdALL_Write_String         text18       15AD
_LcdALL_map                  text12       0CEE
_LcdALL_map$1554             cstackBANK1  00E4
_LcdALL_set_value            text9        094F
_LcdALLb_set_value           text8        0871
_OPTION_REGbits              (abs)        0081
_OSCCONbits                  (abs)        008F
_PIE1bits                    (abs)        008C
_PIR1bits                    (abs)        000C
_PORTA                       (abs)        0005
_PORTAbits                   (abs)        0005
_PORTBbits                   (abs)        0006
_PORTC                       (abs)        0007
_PORTD                       (abs)        0008
_PORTDbits                   (abs)        0008
_PORTE                       (abs)        0009
_PORTEbits                   (abs)        0009
_RBIE                        (abs)        005B
_RCIF                        (abs)        0065
_RCREG                       (abs)        001A
_RCSTAbits                   (abs)        0018
_RD3                         (abs)        0043
_RD4                         (abs)        0044
_RD5                         (abs)        0045
_RD6                         (abs)        0046
_RD7                         (abs)        0047
_SPBRG                       (abs)        0099
_SPBRGH                      (abs)        009A
_TMR0                        (abs)        0001
_TMR0_Value                  bssBANK0     005B
_TRISA                       (abs)        0085
_TRISB                       (abs)        0086
_TRISBbits                   (abs)        0086
_TRISD                       (abs)        0088
_TRISE                       (abs)        0089
_TXIF                        (abs)        0064
_TXREG                       (abs)        0019
_TXSTAbits                   (abs)        0098
_UART_RX_config              text6        16E3
_UART_RX_config$1555         cstackBANK0  0043
_UART_read_char              text30       1519
_UART_set_value              text26       08DE
_UART_write_char             text29       14E4
_UART_write_string           text25       156C
_WPUBbits                    (abs)        0095
__Habs1                      abs1         0000
__Hbank0                     bank0        0000
__Hbank1                     bank1        0000
__Hbank2                     bank2        0000
__Hbank3                     bank3        0000
__HbssBANK0                  bssBANK0     0000
__HbssCOMMON                 bssCOMMON    0000
__Hcinit                     cinit        0024
__Hclrtext                   clrtext      0000
__Hcode                      code         0000
__Hcommon                    common       0000
__Hconfig                    config       2009
__HcstackBANK0               cstackBANK0  0000
__HcstackBANK1               cstackBANK1  0000
__HcstackBANK3               cstackBANK3  0000
__HcstackCOMMON              cstackCOMMON 0000
__Heeprom_data               eeprom_data  0000
__Hend_init                  end_init     0015
__Hfunctab                   functab      0000
__Hidloc                     idloc        2004
__Hinit                      init         0012
__Hintentry                  intentry     0012
__Hmaintext                  maintext     0000
__Hpowerup                   powerup      0000
__Hram                       ram          0000
__Hreset_vec                 reset_vec    0003
__Hsfr0                      sfr0         0000
__Hsfr1                      sfr1         0000
__Hsfr2                      sfr2         0000
__Hsfr3                      sfr3         0000
__Hspace_0                   (abs)        1800
__Hspace_1                   (abs)        01A8
__Hspace_2                   (abs)        0000
__Hspace_3                   (abs)        0000
__Hspace_4                   (abs)        4010
__Hstack                     stack        0000
__Hstrings                   strings      0000
__Htext                      text         0000
__Labs1                      abs1         0000
__Lbank0                     bank0        0000
__Lbank1                     bank1        0000
__Lbank2                     bank2        0000
__Lbank3                     bank3        0000
__LbssBANK0                  bssBANK0     0000
__LbssCOMMON                 bssCOMMON    0000
__Lcinit                     cinit        0015
__Lclrtext                   clrtext      0000
__Lcode                      code         0000
__Lcommon                    common       0000
__Lconfig                    config       0000
__LcstackBANK0               cstackBANK0  0000
__LcstackBANK1               cstackBANK1  0000
__LcstackBANK3               cstackBANK3  0000
__LcstackCOMMON              cstackCOMMON 0000
__Leeprom_data               eeprom_data  0000
__Lend_init                  end_init     0012
__Lfunctab                   functab      0000
__Lidloc                     idloc        0000
__Linit                      init         0012
__Lintentry                  intentry     0004
__Lmaintext                  maintext     0000
__Lpowerup                   powerup      0000
__Lram                       ram          0000
__Lreset_vec                 reset_vec    0000
__Lsfr0                      sfr0         0000
__Lsfr1                      sfr1         0000
__Lsfr2                      sfr2         0000
__Lsfr3                      sfr3         0000
__Lspace_0                   (abs)        0000
__Lspace_1                   (abs)        0000
__Lspace_2                   (abs)        0000
__Lspace_3                   (abs)        0000
__Lspace_4                   (abs)        0000
__Lstack                     stack        0000
__Lstrings                   strings      0000
__Ltext                      text         0000
__S0                         (abs)        1800
__S1                         (abs)        01A8
__S3                         (abs)        0000
__Umul8_16                   text16       15D6
__Umul8_16@multiplicand      cstackBANK0  0032
__Umul8_16@multiplier        cstackBANK0  003A
__Umul8_16@product           cstackBANK0  0036
__Umul8_16@word_mpld         cstackBANK0  0038
___aldiv                     text7        0ADA
___aldiv@counter             cstackBANK0  003B
___aldiv@dividend            cstackBANK0  0036
___aldiv@divisor             cstackBANK0  0032
___aldiv@quotient            cstackBANK0  003D
___aldiv@sign                cstackBANK0  003C
___awdiv                     text11       0808
___awdiv@counter             cstackBANK0  003E
___awdiv@dividend            cstackBANK0  003B
___awdiv@divisor             cstackBANK0  0039
___awdiv@quotient            cstackBANK0  0040
___awdiv@sign                cstackBANK0  003F
___awmod                     text10       173C
___awmod@counter             cstackBANK0  0037
___awmod@dividend            cstackBANK0  0034
___awmod@divisor             cstackBANK0  0032
___awmod@sign                cstackBANK0  0038
___fladd                     text14       03C3
___fladd@a                   cstackBANK0  003F
___fladd@aexp                cstackBANK1  00A1
___fladd@b                   cstackBANK0  003B
___fladd@bexp                cstackBANK1  00A2
___fladd@grs                 cstackBANK1  00A3
___fladd@signs               cstackBANK1  00A0
___fldiv                     text17       0E2D
___fldiv@a                   cstackBANK1  00C6
___fldiv@aexp                cstackBANK1  00DF
___fldiv@b                   cstackBANK1  00CA
___fldiv@bexp                cstackBANK1  00DE
___fldiv@grs                 cstackBANK1  00DA
___fldiv@new_exp             cstackBANK1  00D8
___fldiv@rem                 cstackBANK1  00D3
___fldiv@sign                cstackBANK1  00D7
___flmul                     text15       0024
___flmul@a                   cstackBANK1  00B0
___flmul@aexp                cstackBANK1  00BA
___flmul@b                   cstackBANK1  00AC
___flmul@bexp                cstackBANK1  00BF
___flmul@grs                 cstackBANK1  00BB
___flmul@prod                cstackBANK1  00C0
___flmul@sign                cstackBANK1  00B9
___flmul@temp                cstackBANK1  00C4
___flsub                     text13       163A
___flsub@a                   cstackBANK1  00A4
___flsub@b                   cstackBANK1  00A8
___fltol                     text5        0A4C
___fltol@exp1                cstackBANK0  004C
___fltol@f1                  cstackBANK1  00E8
___fltol@sign1               cstackBANK0  004B
___int_sp                    stack        0000
___latbits                   (abs)        0002
___sp                        stack        0000
___stackhi                   (abs)        0000
___stacklo                   (abs)        0000
___xxtofl                    text4        0B77
___xxtofl@arg                cstackBANK0  003C
___xxtofl@exp                cstackBANK0  003B
___xxtofl@sign               cstackBANK0  003A
___xxtofl@val                cstackBANK0  0032
__end_of_LcdALL_Cmd          text22       154F
__end_of_LcdALL_Init         text21       07FD
__end_of_LcdALL_Port         text23       0A4C
__end_of_LcdALL_Set_Cursor   text20       15AD
__end_of_LcdALL_Write_Char   text19       1519
__end_of_LcdALL_Write_String text18       15D6
__end_of_LcdALL_map          text12       0E2D
__end_of_LcdALL_set_value    text9        09C2
__end_of_LcdALLb_set_value   text8        08DE
__end_of_UART_RX_config      text6        173C
__end_of_UART_read_char      text30       1533
__end_of_UART_set_value      text26       094F
__end_of_UART_write_char     text29       14EE
__end_of_UART_write_string   text25       158B
__end_of__Umul8_16           text16       15FF
__end_of___aldiv             text7        0B77
__end_of___awdiv             text11       0871
__end_of___awmod             text10       1797
__end_of___fladd             text14       06C3
__end_of___fldiv             text17       1000
__end_of___flmul             text15       03C3
__end_of___flsub             text13       168A
__end_of___fltol             text5        0ADA
__end_of___xxtofl            text4        0C31
__end_of__initialization     cinit        0020
__end_of__stringtab          strings      1006
__end_of_adc_init            text3        0CEE
__end_of_adc_read            text2        1501
__end_of_isr                 text24       163A
__end_of_main                maintext     07B7
__end_of_setup               text1        156C
__end_ofi1___awdiv           text28       1800
__end_ofi1___awmod           text27       16E3
__initialization             cinit        0015
__pbssBANK0                  bssBANK0     004D
__pbssCOMMON                 bssCOMMON    007C
__pcstackBANK0               cstackBANK0  0020
__pcstackBANK1               cstackBANK1  00A0
__pcstackBANK3               cstackBANK3  0190
__pcstackCOMMON              cstackCOMMON 0070
__pintentry                  intentry     0004
__pmaintext                  maintext     06C3
__pstrings                   strings      1000
__ptext1                     text1        154F
__ptext10                    text10       173C
__ptext11                    text11       0808
__ptext12                    text12       0CEE
__ptext13                    text13       163A
__ptext14                    text14       03C3
__ptext15                    text15       0024
__ptext16                    text16       15D6
__ptext17                    text17       0E2D
__ptext18                    text18       15AD
__ptext19                    text19       1501
__ptext2                     text2        14EE
__ptext20                    text20       158B
__ptext21                    text21       07B7
__ptext22                    text22       1533
__ptext23                    text23       09C2
__ptext24                    text24       15FF
__ptext25                    text25       156C
__ptext26                    text26       08DE
__ptext27                    text27       168A
__ptext28                    text28       1797
__ptext29                    text29       14E4
__ptext3                     text3        0C31
__ptext30                    text30       1519
__ptext4                     text4        0B77
__ptext5                     text5        0A4C
__ptext6                     text6        16E3
__ptext7                     text7        0ADA
__ptext8                     text8        0871
__ptext9                     text9        094F
__stringbase                 strings      1005
__stringtab                  strings      1000
_adc_init                    text3        0C31
_adc_read                    text2        14EE
_centenas                    bssBANK0     0055
_cont                        bssBANK0     004D
_contador                    bssBANK0     005D
_decenas                     bssBANK0     0057
_isr                         text24       15FF
_main                        maintext     06C3
_mapeado                     bssBANK0     0051
_miles                       bssBANK0     0053
_setup                       text1        154F
_unidades                    bssBANK0     0059
_value_disp                  bssCOMMON    007C
adc_init@channel             cstackBANK0  0032
btemp                        (abs)        007E
clear_ram0                   clrtext      0800
end_of_initialization        cinit        0020
i1___awdiv                   text28       1797
i1___awdiv@counter           cstackBANK0  0020
i1___awdiv@dividend          cstackCOMMON 0079
i1___awdiv@divisor           cstackCOMMON 0077
i1___awdiv@quotient          cstackBANK0  0022
i1___awdiv@sign              cstackBANK0  0021
i1___awmod                   text27       168A
i1___awmod@counter           cstackCOMMON 0075
i1___awmod@dividend          cstackCOMMON 0072
i1___awmod@divisor           cstackCOMMON 0070
i1___awmod@sign              cstackCOMMON 0076
interrupt_function           intentry     0004
intlevel0                    functab      0000
intlevel1                    functab      0000
intlevel2                    functab      0000
intlevel3                    functab      0000
intlevel4                    functab      0000
intlevel5                    functab      0000
reset_vec                    reset_vec    0000
saved_w                      (abs)        007E
start                        init         0012
start_initialization         cinit        0015
wtemp0                       (abs)        007E


MODULE INFORMATION

Module		Function		Class		Link	Load	Size
C:\Program Files\Microchip\xc8\v2.40\pic\sources\c90\common\fltol.c
		___fltol       		CODE           	0A4C	0000	142

C:\Program Files\Microchip\xc8\v2.40\pic\sources\c90\common\fltol.c estimated size: 142

LCD_ALL.c
		_LcdALL_Cmd    		CODE           	1533	0000	28
		_LcdALL_map    		CODE           	0CEE	0000	319
		_LcdALL_Init   		CODE           	07B7	0000	70
		_LcdALL_Port   		CODE           	09C2	0000	138
		_LcdALL_Write_String		CODE           	15AD	0000	41
		_LcdALL_set_value		CODE           	094F	0000	115
		_LcdALL_Write_Char		CODE           	1501	0000	24
		_LcdALLb_set_value		CODE           	0871	0000	109
		_LcdALL_Set_Cursor		CODE           	158B	0000	34

LCD_ALL.c estimated size: 878

POSTLAB_02.c
		_main          		CODE           	06C3	0000	244
		_isr           		CODE           	15FF	0000	59
		_setup         		CODE           	154F	0000	29

POSTLAB_02.c estimated size: 332

C:\Program Files\Microchip\xc8\v2.40\pic\sources\c90\common\awdiv.c
		___awdiv       		CODE           	0808	0000	105

C:\Program Files\Microchip\xc8\v2.40\pic\sources\c90\common\awdiv.c estimated size: 105

C:\Program Files\Microchip\xc8\v2.40\pic\sources\c90\common\aldiv.c
		___aldiv       		CODE           	0ADA	0000	157

C:\Program Files\Microchip\xc8\v2.40\pic\sources\c90\common\aldiv.c estimated size: 157

C:\Program Files\Microchip\xc8\v2.40\pic\sources\c90\common\sprcmul.c
		___flmul       		CODE           	0024	0000	927

C:\Program Files\Microchip\xc8\v2.40\pic\sources\c90\common\sprcmul.c estimated size: 927

C:\Program Files\Microchip\xc8\v2.40\pic\sources\c90\common\sprcdiv.c
		___fldiv       		CODE           	0E2D	0000	467

C:\Program Files\Microchip\xc8\v2.40\pic\sources\c90\common\sprcdiv.c estimated size: 467

ADC_Library.c
		_adc_read      		CODE           	14EE	0000	19
		_adc_init      		CODE           	0C31	0000	189

ADC_Library.c estimated size: 208

C:\Program Files\Microchip\xc8\v2.40\pic\sources\c90\common\Umul8_16.c
		__Umul8_16     		CODE           	15D6	0000	41

C:\Program Files\Microchip\xc8\v2.40\pic\sources\c90\common\Umul8_16.c estimated size: 41

shared
		__stringtab    		STRING         	1000	0000	6
		i1___awdiv     		CODE           	1797	0000	105
		__initialization		CODE           	0015	0000	11
		i1___awmod     		CODE           	168A	0000	89

shared estimated size: 211

C:\Program Files\Microchip\xc8\v2.40\pic\sources\c90\common\sprcadd.c
		___flsub       		CODE           	163A	0000	80
		___fladd       		CODE           	03C3	0000	768

C:\Program Files\Microchip\xc8\v2.40\pic\sources\c90\common\sprcadd.c estimated size: 848

USART_Library.c
		_UART_write_string		CODE           	156C	0000	31
		_UART_write_char		CODE           	14E4	0000	10
		_UART_read_char		CODE           	1519	0000	26
		_UART_RX_config		CODE           	16E3	0000	89
		_UART_set_value		CODE           	08DE	0000	113

USART_Library.c estimated size: 269

C:\Program Files\Microchip\xc8\v2.40\pic\sources\c90\common\awmod.c
		___awmod       		CODE           	173C	0000	91

C:\Program Files\Microchip\xc8\v2.40\pic\sources\c90\common\awmod.c estimated size: 91

C:\Program Files\Microchip\xc8\v2.40\pic\sources\c90\common\xxtofl.c
		___xxtofl      		CODE           	0B77	0000	186

C:\Program Files\Microchip\xc8\v2.40\pic\sources\c90\common\xxtofl.c estimated size: 186

